2026-03-01T12:39:55.606647 ============================================================
2026-03-01T12:39:55.607051 Step 3-4: Summary Statistics + Multinomial Logit
2026-03-01T12:39:55.607702 ============================================================
2026-03-01T12:39:55.685104 Loaded: 31877 rows
2026-03-01T12:39:55.697702 Saved outcome4_summary_key_vars.csv
2026-03-01T12:39:55.698415 Counts: {'Stable': 27192, 'Decline': 3401, 'DUY': 898, 'DUX': 386}
2026-03-01T12:39:56.112927 Multinomial Logit 완료.
2026-03-01T12:39:56.113160 Step 3-4 완료.
2026-03-03T03:22:16.251679 ============================================================
2026-03-03T03:22:16.252189 Step 3-4: Summary Statistics + Multinomial Logit
2026-03-03T03:22:16.252249 ============================================================
2026-03-03T03:22:16.507839 Loaded: 31877 rows
2026-03-03T03:22:16.523001 Saved outcome4_summary_key_vars.csv
2026-03-03T03:22:16.525448 Counts: {'Stable': 27192, 'Decline': 3401, 'DUY': 898, 'DUX': 386}
2026-03-03T03:22:18.617183 Multinomial Logit 완료.
2026-03-03T03:22:18.617304 Step 3-4 완료.
2026-03-03T03:30:12.015262 ============================================================
2026-03-03T03:30:12.015401 Step 3-4: Summary Statistics + Multinomial Logit
2026-03-03T03:30:12.015459 ============================================================
2026-03-03T03:30:12.265994 Loaded: 31877 rows
2026-03-03T03:30:12.281216 Saved outcome4_summary_key_vars.csv
2026-03-03T03:30:12.283683 Counts: {'Stable': 27192, 'Decline': 3401, 'DUY': 898, 'DUX': 386}
2026-03-03T03:30:14.092456 Multinomial Logit 완료.
2026-03-03T03:30:14.092575 Step 3-4 완료.
2026-03-03T03:43:04.503915 ============================================================
2026-03-03T03:43:04.504043 Step 3-4: Summary Statistics + Multinomial Logit
2026-03-03T03:43:04.504102 ============================================================
2026-03-03T03:43:04.759548 Loaded: 31877 rows
2026-03-03T03:43:04.774730 Saved outcome4_summary_key_vars.csv
2026-03-03T03:43:04.777162 Counts: {'Stable': 27192, 'Decline': 3401, 'DUY': 898, 'DUX': 386}
2026-03-03T03:43:06.582869 Multinomial Logit 완료.
2026-03-03T03:43:06.583037 Step 3-4 완료.
2026-03-19T02:19:48.891577 ============================================================
2026-03-19T02:19:48.891849 Step 3-4: Summary Statistics + Multinomial Logit
2026-03-19T02:19:48.891922 ============================================================
2026-03-19T02:19:49.145542 Loaded: 31877 rows
2026-03-19T02:19:49.160760 Saved outcome4_summary_key_vars.csv
2026-03-19T02:19:49.163227 Counts: {'Stable': 27192, 'Decline': 3401, 'DUY': 898, 'DUX': 386}
2026-03-19T02:19:51.321944 Multinomial Logit 완료.
2026-03-19T02:19:51.322092 Step 3-4 완료.
2026-03-19T02:20:49.136661 ============================================================
2026-03-19T02:20:49.136797 Step 3-4: Summary Statistics + Multinomial Logit
2026-03-19T02:20:49.136856 ============================================================
2026-03-19T02:20:49.393278 Loaded: 31877 rows
2026-03-19T02:20:49.407797 Saved outcome3_summary_key_vars.csv
2026-03-19T02:20:49.410240 Counts: {'Stable': 13496, 'Decline': 11988, 'Growth': 6393}
2026-03-19T02:20:50.165892 Multinomial Logit 완료.
2026-03-19T02:20:50.166280 Step 3-4 완료.
2026-03-19T02:27:03.792971 ============================================================
2026-03-19T02:27:03.793117 Step 3-4: Summary Statistics + Multinomial Logit
2026-03-19T02:27:03.793175 ============================================================
2026-03-19T02:27:04.053022 Loaded: 31877 rows
2026-03-19T02:27:04.067643 Saved outcome3_summary_key_vars.csv
2026-03-19T02:27:04.070093 Counts: {'Stable': 13496, 'Decline': 11988, 'Growth': 6393}
2026-03-19T02:27:04.863151 Multinomial Logit 완료.
2026-03-19T02:27:04.863512 Step 3-4 완료.
2026-03-19T02:32:24.878381 ============================================================
2026-03-19T02:32:24.878550 Step 3-4: Summary Statistics + Multinomial Logit
2026-03-19T02:32:24.878611 ============================================================
2026-03-19T02:32:25.137126 Loaded: 31877 rows
2026-03-19T02:32:25.152046 Saved outcome3_summary_key_vars.csv
2026-03-19T02:32:25.154512 Counts: {'Stable': 13496, 'Decline': 11988, 'Growth': 6393}
2026-03-19T02:32:25.930678 Multinomial Logit (ref=Stable) 완료 → multinomial_logit_ref_Stable.txt, multinomial_logit_coefficients_ref_Stable.csv
2026-03-19T02:32:26.672438 Multinomial Logit (ref=Growth) 완료 → multinomial_logit_ref_Growth.txt, multinomial_logit_coefficients_ref_Growth.csv
2026-03-19T02:32:27.416177 Multinomial Logit (ref=Decline) 완료 → multinomial_logit_ref_Decline.txt, multinomial_logit_coefficients_ref_Decline.csv
2026-03-19T02:32:27.416562 Step 3-4 완료.
