2026-03-01T12:39:53.137648 ============================================================
2026-03-01T12:39:53.138143 Step 2: Clustering + UDX 라벨 병합
2026-03-01T12:39:53.138481 ============================================================
2026-03-01T12:39:53.217890 df_base: 33514 rows
2026-03-01T12:39:53.239019 final_code -> outcome_4: {'Stable': 28728, 'Decline': 3772, 'DUY': 934, 'DUX': 430}
2026-03-01T12:39:53.244324 Merged: 31877 rows
2026-03-01T12:39:53.283660 Cluster K6 merged
2026-03-01T12:39:53.632096 Saved /Volumes/SAMSUMG_128/master_graduate/KCD_source_code_from_Yang/26-1/260301/outputs/tables/df_for_multinomial_logit.csv
2026-03-01T12:39:53.632350 Step 2 완료.
2026-03-03T03:22:13.849834 ============================================================
2026-03-03T03:22:13.849971 Step 2: Clustering + UDX 라벨 병합
2026-03-03T03:22:13.850038 ============================================================
2026-03-03T03:22:14.100889 df_base: 33514 rows
2026-03-03T03:22:14.101109 ERROR: /home/hyeoky98/kcd/260204_gem/outputs/tables/final_code_by_store_260121_outlier_removal.csv not found
2026-03-03T03:30:07.536873 ============================================================
2026-03-03T03:30:07.537002 Step 2: Clustering + UDX 라벨 병합
2026-03-03T03:30:07.537064 ============================================================
2026-03-03T03:30:07.787572 df_base: 33514 rows
2026-03-03T03:30:07.846237 final_code -> outcome_4: {'Stable': 28728, 'Decline': 3772, 'DUY': 934, 'DUX': 430}
2026-03-03T03:30:07.868577 Merged: 31877 rows
2026-03-03T03:30:07.924009 Cluster K6 merged
2026-03-03T03:30:09.921192 Saved /home/hyeoky98/kcd/260301/outputs/tables/df_for_multinomial_logit.csv
2026-03-03T03:30:09.921338 Step 2 완료.
2026-03-03T03:42:59.995972 ============================================================
2026-03-03T03:42:59.996100 Step 2: Clustering + UDX 라벨 병합
2026-03-03T03:42:59.996159 ============================================================
2026-03-03T03:43:00.249199 df_base: 33514 rows
2026-03-03T03:43:00.307638 final_code -> outcome_4: {'Stable': 28728, 'Decline': 3772, 'DUY': 934, 'DUX': 430}
2026-03-03T03:43:00.329945 Merged: 31877 rows
2026-03-03T03:43:00.385406 Cluster K6 merged
2026-03-03T03:43:02.401172 Saved /home/hyeoky98/kcd/260301/outputs/tables/df_for_multinomial_logit.csv
2026-03-03T03:43:02.401385 Step 2 완료.
2026-03-19T02:19:24.119186 ============================================================
2026-03-19T02:19:24.119440 Step 2: Clustering + UDX 라벨 병합
2026-03-19T02:19:24.119506 ============================================================
2026-03-19T02:19:24.377515 df_base: 33514 rows
2026-03-19T02:19:24.453278 final_code -> outcome_4: {'Stable': 28728, 'Decline': 3772, 'DUY': 934, 'DUX': 430}
2026-03-19T02:19:24.476131 Merged: 31877 rows
2026-03-19T02:19:24.534295 Cluster K6 merged
2026-03-19T02:19:26.551864 Saved /home/hyeoky98/kcd/260301/outputs/tables/df_for_multinomial_logit.csv
2026-03-19T02:19:26.552098 Step 2 완료.
2026-03-19T02:20:37.555445 ============================================================
2026-03-19T02:20:37.555919 Step 2: Clustering + UDX 라벨 병합
2026-03-19T02:20:37.555982 ============================================================
2026-03-19T02:20:37.818060 df_base: 33514 rows
2026-03-19T02:20:37.878202 final_code -> outcome_3: {'Stable': 13959, 'Decline': 13009, 'Growth': 6896}
2026-03-19T02:20:37.899946 Merged: 31877 rows
2026-03-19T02:20:37.957674 Cluster K6 merged
2026-03-19T02:20:39.991082 Saved /home/hyeoky98/kcd/260301/outputs/tables/df_for_multinomial_logit.csv
2026-03-19T02:20:39.991329 Step 2 완료.
