[02b] unified table: (59089, 49)
[02b] cox-ready rows: 41,601

[02b] Cox PH summary:
                   coef  exp(coef)  exp(coef) lower 95%  exp(coef) upper 95%      p
covariate                                                                          
slope_early_mm -50.9747     0.0000               0.0000               0.0000  0.000
cv               0.6169     1.8531               1.7203               1.9961  0.000
nc_rate         -0.0055     0.9945               0.8342               1.1857  0.951
mdd             -2.7571     0.0635               0.0524               0.0768  0.000
r2_early         1.2338     3.4343               2.8579               4.1270  0.000

[02b] Proportional hazards test (Schoenfeld residuals):
                test_statistic       p
cv                      1.3797  0.2402
mdd                    43.2270  0.0000
nc_rate                 7.0950  0.0077
r2_early                0.3325  0.5642
slope_early_mm          8.3439  0.0039

[02b] Violating PH assumption (p<0.05): ['mdd', 'nc_rate', 'slope_early_mm']
[02b] → 이 covariates는 time-varying 처리 또는 stratified Cox 재검토 권장
[02b] saved fig16
