[12] merged feature matrix: (49007, 57)
[12] 5-fold OOF prediction ...
  fold 0 done
  fold 1 done
  fold 2 done
  fold 3 done
  fold 4 done
[12] ews operating points (decline):
 threshold  decline_precision  decline_recall  decline_f1  flagged_pct    tp    fp    fn    tn
      0.05           0.345795        0.968082    0.509573     0.628216 10646 20141   351 17869
      0.10           0.406595        0.927253    0.565307     0.511743 10197 14882   800 23128
      0.15           0.455699        0.882059    0.600935     0.434346  9700 11586  1297 26424
      0.20           0.498422        0.833045    0.623685     0.375048  9161  9219  1836 28791
      0.25           0.536213        0.778940    0.635177     0.325974  8566  7409  2431 30601
      0.30           0.575825        0.726471    0.642435     0.283102  7989  5885  3008 32125
      0.35           0.609241        0.671456    0.638837     0.247312  7384  4736  3613 33274
      0.40           0.644095        0.621897    0.632801     0.216663  6839  3779  4158 34231
      0.45           0.680458        0.572793    0.622001     0.188891  6299  2958  4698 35052
      0.50           0.708467        0.520415    0.600052     0.164834  5723  2355  5274 35655
      0.55           0.739062        0.468491    0.573464     0.142245  5152  1819  5845 36191
      0.60           0.769462        0.418842    0.542425     0.122146  4606  1380  6391 36630
      0.65           0.792598        0.364190    0.499065     0.103108  4005  1048  6992 36962
      0.70           0.822717        0.308902    0.449160     0.084253  3397   732  7600 37278
      0.75           0.845358        0.252523    0.388881     0.067031  2777   508  8220 37502
      0.80           0.872984        0.196872    0.321288     0.050605  2165   315  8832 37695
      0.85           0.913096        0.137583    0.239134     0.033811  1513   144  9484 37866
      0.90           0.941300        0.081659    0.150280     0.019467   898    56 10099 37954
      0.95           0.981520        0.043466    0.083246     0.009937   478     9 10519 38001

[12] Average Precision — Decline: 0.699, Growth: 0.825
[12] Brier — Decline: 0.1096, Growth: 0.1413

[12] Cost-sensitive optimal threshold: 0.10 (net_utility=45412.0)

[12] Top-5 high-risk categories (by mean decline score):
classification__kcd_v3__depth_2_name  count      mean  median       std
                               패스트푸드   4044 37.019510    31.1 30.995998
                                  분식   2398 30.963720    20.2 29.347763
                              분류정보없음   1591 29.203897    18.7 28.117308
                                  카페   7603 24.917414    17.6 23.643721
                            베이커리/디저트   2391 21.940652    10.1 25.180219

[12] Top-5 low-risk categories:
classification__kcd_v3__depth_2_name  count      mean  median       std
                                  양식   2310 21.687186     9.9 25.195386
                                  일식   3249 21.057156    11.8 23.846422
                                  중식   1973 20.953624    10.8 24.126109
                                  한식  16396 19.595962     7.6 24.771135
                                  술집   6468 13.132468     3.6 20.669457

[12] EWS pipeline complete
