[07] Subgroup analysis — by category ...
         subgroup     n  macro_f1  recall_Growth  recall_Stable  recall_Decline  f1_Growth  f1_Stable  f1_Decline
      category:한식 16855  0.545450       0.786724       0.421053        0.406527   0.690276   0.475218    0.470855
      category:카페  7897  0.469180       0.296327       0.736535        0.356495   0.360179   0.625533    0.421827
      category:술집  6662  0.506583       0.877628       0.403366        0.186888   0.778446   0.464229    0.277074
   category:패스트푸드  4204  0.608613       0.623563       0.506397        0.699371   0.627476   0.531367    0.666996
      category:일식  3339  0.485910       0.596270       0.496184        0.342105   0.562909   0.482856    0.411964
      category:분식  2468  0.539282       0.548585       0.485931        0.582822   0.540030   0.487207    0.590610
category:베이커리/디저트  2466  0.470657       0.207401       0.827430        0.346369   0.264139   0.731334    0.416498
      category:양식  2402  0.455246       0.567398       0.483060        0.303737   0.525937   0.476800    0.363002
      category:중식  2035  0.497508       0.721430       0.408555        0.354762   0.656821   0.440425    0.395279
  category:분류정보없음  1688  0.506911       0.420309       0.663156        0.419699   0.458506   0.600500    0.461728
[07] Temporal subgroup — by open year ...
      subgroup    n  macro_f1  recall_Growth  recall_Stable  recall_Decline  f1_Growth  f1_Stable  f1_Decline
open_year:2009  579  0.520166       0.784512       0.615516        0.131808   0.732461   0.618550    0.209486
open_year:2010  761  0.428805       0.714286       0.537249        0.052821   0.654900   0.548580    0.082937
open_year:2011  901  0.437443       0.728596       0.561345        0.051136   0.671799   0.557822    0.082707
open_year:2012 1077  0.459101       0.720735       0.501182        0.139634   0.657982   0.509283    0.210038
open_year:2013 1326  0.453198       0.697781       0.529106        0.128655   0.638297   0.531292    0.190006
open_year:2014 1886  0.500846       0.723085       0.502046        0.233766   0.662342   0.515699    0.324497
open_year:2015 2370  0.494160       0.700464       0.543524        0.212468   0.643073   0.539380    0.300028
open_year:2016 3074  0.497183       0.716296       0.538912        0.223100   0.649433   0.537446    0.304670
open_year:2017 4093  0.506399       0.708881       0.542994        0.252013   0.644085   0.542082    0.333029
open_year:2018 5749  0.487932       0.654108       0.528056        0.265869   0.602997   0.520407    0.340391
open_year:2019 8059  0.549260       0.651206       0.548721        0.429511   0.612134   0.543020    0.492626
open_year:2020 7869  0.538501       0.610674       0.506194        0.494654   0.579786   0.508977    0.526738
open_year:2021 6415  0.520229       0.520287       0.508191        0.529882   0.524854   0.501157    0.534676
open_year:2022 3529  0.543714       0.554472       0.378136        0.708481   0.557163   0.419495    0.654485
[07] Temporal validation — early open vs late open ...
 macro_f1  recall_Growth  recall_Stable  recall_Decline  f1_Growth  f1_Stable  f1_Decline  n_train  n_test train_cutoff
 0.504223       0.640206        0.57447        0.303492   0.570571   0.523961    0.418138    25198   25411   2019-02-01
[07] Bootstrap x 200 ...
   boot 50
   boot 100
   boot 150
   boot 200
        metric     mean  ci_lower_2.5  ci_upper_97.5
      macro_f1 0.557425      0.551846       0.563202
 recall_Growth 0.701609      0.688991       0.714423
 recall_Stable 0.533609      0.519644       0.547394
recall_Decline 0.419080      0.404928       0.433488
     f1_Growth 0.643462      0.637544       0.650649
     f1_Stable 0.541864      0.533637       0.551017
    f1_Decline 0.486951      0.476819       0.496750
[07] Ablation study ...
      feature_group  n_features  macro_f1  recall_Growth  recall_Stable  recall_Decline  f1_Growth  f1_Stable  f1_Decline
                all          43  0.559307       0.704040       0.535192        0.420750   0.645653   0.543908    0.488360
              no_nc          37  0.554447       0.699255       0.533798        0.411930   0.642320   0.539624    0.481398
      no_volatility          32  0.558222       0.702314       0.536328        0.417659   0.644826   0.543396    0.486446
           no_slope          38  0.555153       0.702659       0.528376        0.416840   0.641243   0.539648    0.484568
no_delivery_pattern          39  0.553150       0.694914       0.532714        0.414566   0.639059   0.540197    0.480193
    only_core_stats           7  0.521271       0.662704       0.508185        0.376284   0.609993   0.510542    0.443279
