2026-02-04T11:21:07.108447 Loading inflection P1/P2 labels and cluster labels.
2026-02-04T11:21:07.333394 Saved /Volumes/SAMSUMG_128/master_graduate/KCD_source_code_from_Yang/26-1/260204_gem/outputs/tables/final_code_by_store.csv (rows=55310)
2026-02-04T11:21:07.484454 Saved /Volumes/SAMSUMG_128/master_graduate/KCD_source_code_from_Yang/26-1/260204_gem/outputs/figures/final_code_distribution.png
2026-02-04T11:21:07.484916 Distribution summary:
2026-02-04T11:21:07.485191   DDX: 5550
2026-02-04T11:21:07.485447   DDY: 2078
2026-02-04T11:21:07.485673   DDZ: 4094
2026-02-04T11:21:07.485901   DUX: 782
2026-02-04T11:21:07.486129   DUY: 508
2026-02-04T11:21:07.486352   DUZ: 1661
2026-02-04T11:21:07.486568   UDX: 11300
2026-02-04T11:21:07.486901   UDY: 1966
2026-02-04T11:21:07.487139   UDZ: 15130
2026-02-04T11:21:07.487364   UUX: 3215
2026-02-04T11:21:07.487597   UUY: 1296
2026-02-04T11:21:07.487815   UUZ: 7730
2026-02-04T11:21:07.488033 Done.
2026-02-04T11:21:49.410126 Loading inflection P1/P2 labels and cluster labels.
2026-02-04T11:21:49.665038 Saved /Volumes/SAMSUMG_128/master_graduate/KCD_source_code_from_Yang/26-1/260204_gem/outputs/tables/final_code_by_store.csv (rows=55310)
2026-02-04T11:21:49.820027 Saved /Volumes/SAMSUMG_128/master_graduate/KCD_source_code_from_Yang/26-1/260204_gem/outputs/figures/final_code_distribution.png
2026-02-04T11:21:49.820174 Distribution summary:
2026-02-04T11:21:49.820510   DDX: 5550
2026-02-04T11:21:49.820689   DDY: 2078
2026-02-04T11:21:49.820868   DDZ: 4094
2026-02-04T11:21:49.821065   DUX: 782
2026-02-04T11:21:49.821326   DUY: 508
2026-02-04T11:21:49.821546   DUZ: 1661
2026-02-04T11:21:49.821773   UDX: 11300
2026-02-04T11:21:49.821981   UDY: 1966
2026-02-04T11:21:49.822160   UDZ: 15130
2026-02-04T11:21:49.822422   UUX: 3215
2026-02-04T11:21:49.829610   UUY: 1296
2026-02-04T11:21:49.829787   UUZ: 7730
2026-02-04T11:21:49.829973 Done.
