2026-02-04T10:32:44.979441 Loading weekly data from /Volumes/SAMSUMG_128/master_graduate/KCD_source_code_from_Yang/26-1/260204_gem/../original_data/weekly_processed.parquet
2026-02-04T10:32:45.111776 Using columns: store=public_id, week=day_after1, sales=sales_card
2026-02-04T10:32:45.138560 Stores: 55310, total rows: 5686549
2026-02-04T10:32:45.655137 Processing store 1/55310 ...
2026-02-04T10:35:30.930317 Processing store 5000/55310 ...
2026-02-04T10:38:03.605991 Loading weekly data from /Volumes/SAMSUMG_128/master_graduate/KCD_source_code_from_Yang/26-1/260204_gem/../original_data/weekly_processed.parquet
2026-02-04T10:38:03.733427 Using columns: store=public_id, week=day_after1, sales=sales_card
2026-02-04T10:38:03.849612 Stores: 500, total rows: 62310
2026-02-04T10:38:03.852735 Processing store 1/500 ...
2026-02-04T10:38:23.526166 Saved: /Volumes/SAMSUMG_128/master_graduate/KCD_source_code_from_Yang/26-1/260204_gem/outputs/tables/inflection_p1p2_labels.csv (rows=500)
2026-02-04T10:38:23.529852 P1/P2 label counts:
P2_label    D    U
P1_label          
D         111   33
U         232  124
2026-02-04T10:38:23.530435 Used fallback (no inflection): 0 / 500
2026-02-04T10:38:23.530709 Done.
2026-02-04T10:38:24.197551 Processing store 10000/55310 ...
2026-02-04T10:39:55.170476 Loading weekly data from /Volumes/SAMSUMG_128/master_graduate/KCD_source_code_from_Yang/26-1/260204_gem/../original_data/weekly_processed.parquet
2026-02-04T10:39:55.317467 Using columns: store=public_id, week=day_after1, sales=sales_card
2026-02-04T10:39:55.348633 Stores: 55310, total rows: 5686549
2026-02-04T10:39:55.825982 Processing store 1/55310 ...
2026-02-04T10:40:16.388222 Loading weekly data from /Volumes/SAMSUMG_128/master_graduate/KCD_source_code_from_Yang/26-1/260204_gem/../original_data/weekly_processed.parquet
2026-02-04T10:40:16.522820 Using columns: store=public_id, week=day_after1, sales=sales_card
2026-02-04T10:40:16.630163 Stores: 500, total rows: 62310
2026-02-04T10:40:16.632872 Processing store 1/500 ...
2026-02-04T10:40:37.517345 Saved: /Volumes/SAMSUMG_128/master_graduate/KCD_source_code_from_Yang/26-1/260204_gem/outputs/tables/inflection_p1p2_labels.csv (rows=500)
2026-02-04T10:40:37.520679 P1/P2 label counts:
P2_label    D    U
P1_label          
D         111   33
U         232  124
2026-02-04T10:40:37.520885 Used fallback (no inflection): 0 / 500
2026-02-04T10:40:37.521078 Done.
2026-02-04T10:41:09.782399 Processing store 15000/55310 ...
2026-02-04T10:41:32.575869 Loading weekly data from /Volumes/SAMSUMG_128/master_graduate/KCD_source_code_from_Yang/26-1/260204_gem/../original_data/weekly_processed.parquet
2026-02-04T10:41:32.705868 Using columns: store=public_id, week=day_after1, sales=sales_card
2026-02-04T10:41:32.732726 Stores: 55310, total rows: 5686549
2026-02-04T10:41:33.163832 Processing store 1/55310 ...
2026-02-04T10:43:48.098028 Processing store 20000/55310 ...
2026-02-04T10:44:10.136842 Processing store 5000/55310 ...
2026-02-04T10:46:23.959965 Processing store 25000/55310 ...
2026-02-04T10:46:47.960180 Processing store 10000/55310 ...
2026-02-04T10:48:59.609473 Processing store 30000/55310 ...
2026-02-04T10:49:24.988840 Processing store 15000/55310 ...
2026-02-04T10:51:38.102068 Processing store 35000/55310 ...
2026-02-04T10:52:04.087732 Processing store 20000/55310 ...
2026-02-04T10:54:19.070880 Processing store 40000/55310 ...
2026-02-04T10:54:40.255337 Processing store 25000/55310 ...
2026-02-04T10:56:55.978882 Processing store 45000/55310 ...
2026-02-04T10:57:16.920424 Processing store 30000/55310 ...
2026-02-04T10:59:40.588155 Processing store 50000/55310 ...
2026-02-04T11:00:05.561160 Processing store 35000/55310 ...
2026-02-04T11:02:25.675755 Processing store 55000/55310 ...
2026-02-04T11:02:35.700048 Saved: /Volumes/SAMSUMG_128/master_graduate/KCD_source_code_from_Yang/26-1/260204_gem/outputs/tables/inflection_p1p2_labels.csv (rows=55310)
2026-02-04T11:02:35.707382 P1/P2 label counts:
P2_label      D      U
P1_label              
D         11721   2951
U         28397  12241
2026-02-04T11:02:35.755760 Used fallback (no inflection): 528 / 55310
2026-02-04T11:02:35.757997 Done.
2026-02-04T11:02:50.365792 Processing store 40000/55310 ...
2026-02-04T11:05:30.180912 Processing store 45000/55310 ...
2026-02-04T11:08:09.565030 Processing store 50000/55310 ...
2026-02-04T11:10:51.464238 Processing store 55000/55310 ...
2026-02-04T11:11:01.162691 Saved: /Volumes/SAMSUMG_128/master_graduate/KCD_source_code_from_Yang/26-1/260204_gem/outputs/tables/inflection_p1p2_labels.csv (rows=55310)
2026-02-04T11:11:01.169762 P1/P2 label counts:
P2_label      D      U
P1_label              
D         11722   2951
U         28396  12241
2026-02-04T11:11:01.219223 Used fallback (no inflection): 530 / 55310
2026-02-04T11:11:01.219370 Done.
2026-02-04T15:01:09.269216 Loading data from /Volumes/SAMSUMG_128/master_graduate/KCD_source_code_from_Yang/26-1/original_data/weekly_processed.parquet...
2026-02-04T15:01:09.633094 Data Loaded: 5686549 rows, 55310 stores.
2026-02-04T15:01:09.633669 Starting inflection point search...
2026-02-04T15:02:39.373541 Loading data from /Volumes/SAMSUMG_128/master_graduate/KCD_source_code_from_Yang/26-1/original_data/weekly_processed.parquet...
2026-02-04T15:02:39.629852 Data Loaded: 5686549 rows, 55310 stores.
2026-02-04T15:02:39.630409 Starting inflection point search...
2026-02-04T15:04:55.883973 Loading data from /Volumes/SAMSUMG_128/master_graduate/KCD_source_code_from_Yang/26-1/original_data/weekly_processed.parquet...
2026-02-04T15:04:56.100738 Data Loaded: 5686549 rows, 55310 stores.
2026-02-04T15:04:56.101303 Starting inflection point search...
2026-02-04T15:05:21.572464 Analysis Complete. Results saved to /Volumes/SAMSUMG_128/master_graduate/KCD_source_code_from_Yang/26-1/260204_gem/outputs/tables/inflection_p1p2_labels.csv
