tee: /home/hyeoky98/kcd/final_thesis/notes/step05_rerun.log: No such file or directory
[05] sy2021_sm01_w3m_off1 A_baseline             n=33,998 feats= 43 macroF1=0.503±0.003 dec_recall=0.351
[05] sy2021_sm01_w3m_off1 B_base+cluster         n=33,998 feats= 49 macroF1=0.502±0.002 dec_recall=0.350
[05] sy2021_sm01_w3m_off1 C_base+cp              n=33,998 feats= 50 macroF1=0.501±0.005 dec_recall=0.342
[05] sy2021_sm01_w3m_off1 D_base+cluster+cp      n=33,998 feats= 56 macroF1=0.502±0.003 dec_recall=0.352
[05] sy2021_sm03_w3m_off1 A_baseline             n=34,884 feats= 43 macroF1=0.495±0.008 dec_recall=0.317
[05] sy2021_sm03_w3m_off1 B_base+cluster         n=34,884 feats= 49 macroF1=0.495±0.007 dec_recall=0.319
[05] sy2021_sm03_w3m_off1 C_base+cp              n=34,884 feats= 50 macroF1=0.499±0.008 dec_recall=0.321
[05] sy2021_sm03_w3m_off1 D_base+cluster+cp      n=34,884 feats= 56 macroF1=0.499±0.009 dec_recall=0.329
[05] sy2021_sm05_w3m_off1 A_baseline             n=35,473 feats= 43 macroF1=0.486±0.004 dec_recall=0.522
[05] sy2021_sm05_w3m_off1 B_base+cluster         n=35,473 feats= 49 macroF1=0.488±0.005 dec_recall=0.524
[05] sy2021_sm05_w3m_off1 C_base+cp              n=35,473 feats= 50 macroF1=0.487±0.006 dec_recall=0.523
[05] sy2021_sm05_w3m_off1 D_base+cluster+cp      n=35,473 feats= 56 macroF1=0.488±0.006 dec_recall=0.524
[05] sy2021_sm09_w3m_off1 A_baseline             n=36,013 feats= 43 macroF1=0.510±0.006 dec_recall=0.478
[05] sy2021_sm09_w3m_off1 B_base+cluster         n=36,013 feats= 49 macroF1=0.510±0.005 dec_recall=0.478
[05] sy2021_sm09_w3m_off1 C_base+cp              n=36,013 feats= 50 macroF1=0.508±0.006 dec_recall=0.482
[05] sy2021_sm09_w3m_off1 D_base+cluster+cp      n=36,013 feats= 56 macroF1=0.510±0.005 dec_recall=0.493
[05] sy2022_sm01_w3m_off1 A_baseline             n=36,133 feats= 43 macroF1=0.514±0.009 dec_recall=0.435
[05] sy2022_sm01_w3m_off1 B_base+cluster         n=36,133 feats= 49 macroF1=0.513±0.010 dec_recall=0.436
[05] sy2022_sm01_w3m_off1 C_base+cp              n=36,133 feats= 50 macroF1=0.514±0.008 dec_recall=0.426
[05] sy2022_sm01_w3m_off1 D_base+cluster+cp      n=36,133 feats= 56 macroF1=0.516±0.008 dec_recall=0.433
[05] sy2022_sm03_w3m_off1 A_baseline             n=35,984 feats= 43 macroF1=0.467±0.007 dec_recall=0.296
[05] sy2022_sm03_w3m_off1 B_base+cluster         n=35,984 feats= 49 macroF1=0.471±0.006 dec_recall=0.305
[05] sy2022_sm03_w3m_off1 C_base+cp              n=35,984 feats= 50 macroF1=0.473±0.006 dec_recall=0.299
[05] sy2022_sm03_w3m_off1 D_base+cluster+cp      n=35,984 feats= 56 macroF1=0.473±0.006 dec_recall=0.304
[05] sy2022_sm05_w3m_off1 A_baseline             n=35,893 feats= 43 macroF1=0.517±0.008 dec_recall=0.552
[05] sy2022_sm05_w3m_off1 B_base+cluster         n=35,893 feats= 49 macroF1=0.518±0.007 dec_recall=0.554
[05] sy2022_sm05_w3m_off1 C_base+cp              n=35,893 feats= 50 macroF1=0.519±0.006 dec_recall=0.550
[05] sy2022_sm05_w3m_off1 D_base+cluster+cp      n=35,893 feats= 56 macroF1=0.519±0.006 dec_recall=0.555
[05] sy2021_sm01_w7m_off1 A_baseline             n=35,205 feats= 43 macroF1=0.545±0.003 dec_recall=0.384
[05] sy2021_sm01_w7m_off1 B_base+cluster         n=35,205 feats= 49 macroF1=0.551±0.002 dec_recall=0.397
[05] sy2021_sm01_w7m_off1 C_base+cp              n=35,205 feats= 50 macroF1=0.550±0.001 dec_recall=0.391
[05] sy2021_sm01_w7m_off1 D_base+cluster+cp      n=35,205 feats= 56 macroF1=0.550±0.003 dec_recall=0.395
[05] sy2021_sm01_w7m_off2 A_baseline             n=31,064 feats= 43 macroF1=0.500±0.008 dec_recall=0.320
[05] sy2021_sm01_w7m_off2 B_base+cluster         n=31,064 feats= 49 macroF1=0.500±0.007 dec_recall=0.316
[05] sy2021_sm01_w7m_off2 C_base+cp              n=31,064 feats= 50 macroF1=0.500±0.005 dec_recall=0.317
[05] sy2021_sm01_w7m_off2 D_base+cluster+cp      n=31,064 feats= 56 macroF1=0.503±0.006 dec_recall=0.325
[05] sy2022_sm01_w7m_off1 A_baseline             n=36,965 feats= 43 macroF1=0.500±0.008 dec_recall=0.371
[05] sy2022_sm01_w7m_off1 B_base+cluster         n=36,965 feats= 49 macroF1=0.502±0.006 dec_recall=0.374
[05] sy2022_sm01_w7m_off1 C_base+cp              n=36,965 feats= 50 macroF1=0.502±0.007 dec_recall=0.371
[05] sy2022_sm01_w7m_off1 D_base+cluster+cp      n=36,965 feats= 56 macroF1=0.501±0.003 dec_recall=0.372
[05] sy2021_sm03_w6m_off1 A_baseline             n=35,825 feats= 43 macroF1=0.491±0.005 dec_recall=0.377
[05] sy2021_sm03_w6m_off1 B_base+cluster         n=35,825 feats= 49 macroF1=0.494±0.006 dec_recall=0.382
[05] sy2021_sm03_w6m_off1 C_base+cp              n=35,825 feats= 50 macroF1=0.492±0.007 dec_recall=0.373
[05] sy2021_sm03_w6m_off1 D_base+cluster+cp      n=35,825 feats= 56 macroF1=0.491±0.006 dec_recall=0.379
[05] sy2021_sm09_w6m_off1 A_baseline             n=37,175 feats= 43 macroF1=0.488±0.007 dec_recall=0.534
[05] sy2021_sm09_w6m_off1 B_base+cluster         n=37,175 feats= 49 macroF1=0.487±0.006 dec_recall=0.537
[05] sy2021_sm09_w6m_off1 C_base+cp              n=37,175 feats= 50 macroF1=0.486±0.007 dec_recall=0.534
[05] sy2021_sm09_w6m_off1 D_base+cluster+cp      n=37,175 feats= 56 macroF1=0.487±0.007 dec_recall=0.535
[05] sy2021_sm01_w4m_off1 A_baseline             n=34,033 feats= 43 macroF1=0.536±0.004 dec_recall=0.344
[05] sy2021_sm01_w4m_off1 B_base+cluster         n=34,033 feats= 49 macroF1=0.539±0.005 dec_recall=0.349
[05] sy2021_sm01_w4m_off1 C_base+cp              n=34,033 feats= 50 macroF1=0.539±0.006 dec_recall=0.343
[05] sy2021_sm01_w4m_off1 D_base+cluster+cp      n=34,033 feats= 56 macroF1=0.539±0.005 dec_recall=0.338
[05] sy2022_sm03_w4m_off1 A_baseline             n=36,254 feats= 43 macroF1=0.475±0.006 dec_recall=0.371
[05] sy2022_sm03_w4m_off1 B_base+cluster         n=36,254 feats= 49 macroF1=0.473±0.004 dec_recall=0.367
[05] sy2022_sm03_w4m_off1 C_base+cp              n=36,254 feats= 50 macroF1=0.476±0.004 dec_recall=0.369
[05] sy2022_sm03_w4m_off1 D_base+cluster+cp      n=36,254 feats= 56 macroF1=0.475±0.005 dec_recall=0.376
[05] saved: /home/hyeoky98/kcd/260430_claude/outputs/tables/main_model_compare.csv
[05] figures: /home/hyeoky98/kcd/260430_claude/outputs/figures
