2026-02-24T11:08:01.645022 Step 5: Real Forecasting — 초기 30주 기반 미래 예측 (Model A vs B).
2026-02-24T11:08:01.697423 Target: 33514 stores. growth_type 1=5235, 0=28279
2026-02-24T11:08:01.976424 Weekly: 5686549 rows, cols include time=day_after1, sales=sales_card
2026-02-24T11:08:40.361348 Early features: 44867 stores
2026-02-24T11:08:40.374922 Final sample: 32891 stores
2026-02-24T11:08:57.227020 ==================================================
2026-02-24T11:08:57.227278  [실험 결과] 초기 30주 기반 미래 예측 (F1 / Accuracy)
2026-02-24T11:08:57.227337 ==================================================
2026-02-24T11:08:57.227398  Model A (단순 평균·합계만): F1=0.1791, Acc=0.7632
2026-02-24T11:08:57.227444  Model B (평균·합계 + 기울기/변동성): F1=0.1369, Acc=0.8333
2026-02-24T11:08:57.227487  -> F1 향상: +-4.22%p
2026-02-24T11:08:57.227528 ==================================================
2026-02-24T11:08:57.234143 Saved /home/hyeoky98/kcd/260223/outputs/tables/real_prediction_results.csv
2026-02-24T11:08:57.842688 Saved /home/hyeoky98/kcd/260223/outputs/figures/early_prediction_importance.png
2026-02-25T05:13:45.670680 Step 5: Real Forecasting — 초기 30주 기반 미래 예측 (Model A vs B).
2026-02-25T05:13:45.723054 Target: 33514 stores. growth_type 1=5235, 0=28279
2026-02-25T05:13:46.015425 Weekly: 5686549 rows, cols include time=day_after1, sales=sales_card
2026-02-25T05:14:24.125451 Early features: 44867 stores
2026-02-25T05:14:24.139447 Final sample: 32891 stores
2026-02-25T05:15:11.548063 ==================================================
2026-02-25T05:15:11.548333  [실험 결과] 초기 30주 기반 미래 예측 (F1 / Accuracy)
2026-02-25T05:15:11.548394 ==================================================
2026-02-25T05:15:11.548451  Model A (단순 평균·합계만): F1=0.1791, Acc=0.7632
2026-02-25T05:15:11.548505  Model B (평균·합계 + 기울기/변동성): F1=0.1369, Acc=0.8333
2026-02-25T05:15:11.548549  Model C (시퀀스 학습, 30주 원시값): F1=0.0966, Acc=0.8436
2026-02-25T05:15:11.548600  -> A→B F1: +-4.22%p / A→C F1: +-8.26%p
2026-02-25T05:15:11.548644 ==================================================
2026-02-25T05:15:11.556042 Saved /home/hyeoky98/kcd/260223/outputs/tables/real_prediction_results.csv
2026-02-25T05:15:12.234522 Saved /home/hyeoky98/kcd/260223/outputs/figures/early_prediction_importance.png
2026-03-03T03:19:50.010467 Step 5: Real Forecasting — 초기 30주 기반 미래 예측 (Model A vs B).
2026-03-03T03:19:50.062761 Target: 33514 stores. growth_type 1=5235, 0=28279
2026-03-03T03:19:50.363772 Weekly: 5686549 rows, cols include time=day_after1, sales=sales_card
2026-03-03T03:20:30.055671 Early features: 44867 stores
2026-03-03T03:20:30.069305 Final sample: 32891 stores
2026-03-03T03:21:17.463779 ==================================================
2026-03-03T03:21:17.464126  [실험 결과] 초기 30주 기반 미래 예측 (F1 / Accuracy)
2026-03-03T03:21:17.464187 ==================================================
2026-03-03T03:21:17.464247  Model A (단순 평균·합계만): F1=0.1791, Acc=0.7632
2026-03-03T03:21:17.464299  Model B (평균·합계 + 기울기/변동성): F1=0.1369, Acc=0.8333
2026-03-03T03:21:17.464343  Model C (시퀀스 학습, 30주 원시값): F1=0.0966, Acc=0.8436
2026-03-03T03:21:17.464389  -> A→B F1: +-4.22%p / A→C F1: +-8.26%p
2026-03-03T03:21:17.464430 ==================================================
2026-03-03T03:21:17.471560 Saved /home/hyeoky98/kcd/260223/outputs/tables/real_prediction_results.csv
2026-03-03T03:21:18.148245 Saved /home/hyeoky98/kcd/260223/outputs/figures/early_prediction_importance.png
2026-03-03T03:22:20.779328 Step 5: Real Forecasting — 초기 30주 기반 미래 예측 (Model A vs B).
2026-03-03T03:22:20.872936 Target: 33514 stores. growth_type 1=5235, 0=28279
2026-03-03T03:22:21.237906 Weekly: 5686549 rows, cols include time=day_after1, sales=sales_card
2026-03-03T03:22:25.617777 Step 5: Real Forecasting — 초기 30주 기반 미래 예측 (Model A vs B).
2026-03-03T03:22:25.669309 Target: 33514 stores. growth_type 1=5235, 0=28279
2026-03-03T03:22:25.946608 Weekly: 5686549 rows, cols include time=day_after1, sales=sales_card
2026-03-03T03:23:01.300522 Early features: 44867 stores
2026-03-03T03:23:01.314260 Final sample: 32891 stores
2026-03-03T03:23:04.483854 Early features: 44867 stores
2026-03-03T03:23:04.498472 Final sample: 32891 stores
2026-03-03T03:23:48.916248 ==================================================
2026-03-03T03:23:48.916502  [실험 결과] 초기 30주 기반 미래 예측 (F1 / Accuracy)
2026-03-03T03:23:48.916565 ==================================================
2026-03-03T03:23:48.916623  Model A (단순 평균·합계만): F1=0.1791, Acc=0.7632
2026-03-03T03:23:48.916673  Model B (평균·합계 + 기울기/변동성): F1=0.1369, Acc=0.8333
2026-03-03T03:23:48.916717  Model C (시퀀스 학습, 30주 원시값): F1=0.0966, Acc=0.8436
2026-03-03T03:23:48.916765  -> A→B F1: +-4.22%p / A→C F1: +-8.26%p
2026-03-03T03:23:48.916807 ==================================================
2026-03-03T03:23:48.923778 Saved /home/hyeoky98/kcd/260223/outputs/tables/real_prediction_results.csv
2026-03-03T03:23:49.550110 Saved /home/hyeoky98/kcd/260223/outputs/figures/early_prediction_importance.png
2026-03-03T03:23:51.749566 ==================================================
2026-03-03T03:23:51.750263  [실험 결과] 초기 30주 기반 미래 예측 (F1 / Accuracy)
2026-03-03T03:23:51.750327 ==================================================
2026-03-03T03:23:51.750387  Model A (단순 평균·합계만): F1=0.1791, Acc=0.7632
2026-03-03T03:23:51.750441  Model B (평균·합계 + 기울기/변동성): F1=0.1369, Acc=0.8333
2026-03-03T03:23:51.750486  Model C (시퀀스 학습, 30주 원시값): F1=0.0966, Acc=0.8436
2026-03-03T03:23:51.750537  -> A→B F1: +-4.22%p / A→C F1: +-8.26%p
2026-03-03T03:23:51.750580 ==================================================
2026-03-03T03:23:51.757908 Saved /home/hyeoky98/kcd/260223/outputs/tables/real_prediction_results.csv
2026-03-03T03:23:52.437765 Saved /home/hyeoky98/kcd/260223/outputs/figures/early_prediction_importance.png
2026-03-03T03:30:16.181231 Step 5: Real Forecasting — 초기 30주 기반 미래 예측 (Model A vs B).
2026-03-03T03:30:16.233425 Target: 33514 stores. growth_type 1=5235, 0=28279
2026-03-03T03:30:16.515570 Weekly: 5686549 rows, cols include time=day_after1, sales=sales_card
2026-03-03T03:30:56.433096 Early features: 44867 stores
2026-03-03T03:30:56.447467 Final sample: 32891 stores
2026-03-03T03:31:44.172146 ==================================================
2026-03-03T03:31:44.172412  [실험 결과] 초기 30주 기반 미래 예측 (F1 / Accuracy)
2026-03-03T03:31:44.172476 ==================================================
2026-03-03T03:31:44.172541  Model A (단순 평균·합계만): F1=0.1791, Acc=0.7632
2026-03-03T03:31:44.172593  Model B (평균·합계 + 기울기/변동성): F1=0.1369, Acc=0.8333
2026-03-03T03:31:44.172640  Model C (시퀀스 학습, 30주 원시값): F1=0.0966, Acc=0.8436
2026-03-03T03:31:44.172690  -> A→B F1: +-4.22%p / A→C F1: +-8.26%p
2026-03-03T03:31:44.172734 ==================================================
2026-03-03T03:31:44.179880 Saved /home/hyeoky98/kcd/260223/outputs/tables/real_prediction_results.csv
2026-03-03T03:31:44.861684 Saved /home/hyeoky98/kcd/260223/outputs/figures/early_prediction_importance.png
2026-03-03T03:43:08.687333 Step 5: Real Forecasting — 초기 30주 기반 미래 예측 (Model A vs B).
2026-03-03T03:43:08.738716 Target: 33514 stores. growth_type 1=5235, 0=28279
2026-03-03T03:43:09.034484 Weekly: 5686549 rows, cols include time=day_after1, sales=sales_card
2026-03-03T03:43:50.193455 Early features: 44867 stores
2026-03-03T03:43:50.208812 Final sample: 32891 stores
2026-03-03T03:44:38.276794 ==================================================
2026-03-03T03:44:38.277048  [실험 결과] 초기 30주 기반 미래 예측 (F1 / Accuracy)
2026-03-03T03:44:38.277113 ==================================================
2026-03-03T03:44:38.277175  Model A (단순 평균·합계만): F1=0.1791, Acc=0.7632
2026-03-03T03:44:38.277246  Model B (평균·합계 + 기울기/변동성): F1=0.1369, Acc=0.8333
2026-03-03T03:44:38.277296  Model C (시퀀스 학습, 30주 원시값): F1=0.0966, Acc=0.8436
2026-03-03T03:44:38.277347  -> A→B F1: +-4.22%p / A→C F1: +-8.26%p
2026-03-03T03:44:38.277391 ==================================================
2026-03-03T03:44:38.284815 Saved /home/hyeoky98/kcd/260223/outputs/tables/real_prediction_results.csv
2026-03-03T03:44:38.970407 Saved /home/hyeoky98/kcd/260223/outputs/figures/early_prediction_importance.png
