/home/hyeoky98/miniforge/lib/python3.12/site-packages/torch/cuda/__init__.py:283: UserWarning: 
    Found GPU0 NVIDIA TITAN Xp which is of cuda capability 6.1.
    Minimum and Maximum cuda capability supported by this version of PyTorch is
    (7.0) - (12.0)
    
  warnings.warn(
/home/hyeoky98/miniforge/lib/python3.12/site-packages/torch/cuda/__init__.py:304: UserWarning: 
    Please install PyTorch with a following CUDA
    configurations:  12.6 following instructions at
    https://pytorch.org/get-started/locally/
    
  warnings.warn(matched_cuda_warn.format(matched_arches))
/home/hyeoky98/miniforge/lib/python3.12/site-packages/torch/cuda/__init__.py:283: UserWarning: 
    Found GPU1 NVIDIA TITAN Xp which is of cuda capability 6.1.
    Minimum and Maximum cuda capability supported by this version of PyTorch is
    (7.0) - (12.0)
    
  warnings.warn(
/home/hyeoky98/miniforge/lib/python3.12/site-packages/torch/cuda/__init__.py:283: UserWarning: 
    Found GPU2 NVIDIA TITAN Xp which is of cuda capability 6.1.
    Minimum and Maximum cuda capability supported by this version of PyTorch is
    (7.0) - (12.0)
    
  warnings.warn(
/home/hyeoky98/miniforge/lib/python3.12/site-packages/torch/cuda/__init__.py:283: UserWarning: 
    Found GPU3 NVIDIA TITAN Xp which is of cuda capability 6.1.
    Minimum and Maximum cuda capability supported by this version of PyTorch is
    (7.0) - (12.0)
    
  warnings.warn(
/home/hyeoky98/miniforge/lib/python3.12/site-packages/torch/cuda/__init__.py:326: UserWarning: 
NVIDIA TITAN Xp with CUDA capability sm_61 is not compatible with the current PyTorch installation.
The current PyTorch install supports CUDA capabilities sm_70 sm_75 sm_80 sm_86 sm_90 sm_100 sm_120.
If you want to use the NVIDIA TITAN Xp GPU with PyTorch, please check the instructions at https://pytorch.org/get-started/locally/

  warnings.warn(
[cohort] === sy2021_sm01_w3m_off1 ===
[cohort] sy2021_sm01_w3m_off1 full: RF=0.490 LGBM=0.490 Δ=-0.0002
[cohort] === sy2021_sm05_w3m_off1 ===
[cohort] sy2021_sm05_w3m_off1 full: RF=0.475 LGBM=0.476 Δ=+0.0007
[cohort] === sy2022_sm01_w3m_off1 ===
[cohort] sy2022_sm01_w3m_off1 full: RF=0.498 LGBM=0.505 Δ=+0.0069
[cohort] === sy2022_sm05_w3m_off1 ===
[cohort] sy2022_sm05_w3m_off1 full: RF=0.506 LGBM=0.518 Δ=+0.0118
[cohort] === sy2021_sm01_w7m_off1 ===
[cohort] sy2021_sm01_w7m_off1 full: RF=0.531 LGBM=0.542 Δ=+0.0108
[cohort] === sy2022_sm01_w7m_off1 ===
[cohort] sy2022_sm01_w7m_off1 full: RF=0.483 LGBM=0.498 Δ=+0.0151
[cohort] summary saved
cohort_kind    cohort  n_panels      mean_n  mean_rf  mean_lgbm  mean_delta  std_delta  mean_decline_rate
    cluster cluster_0         6 9565.666667 0.427212   0.438566    0.011354   0.022191           0.152370
    cluster cluster_1         6 5093.666667 0.389540   0.430254    0.040714   0.065356           0.162037
    cluster cluster_2         6 2557.500000 0.425566   0.446995    0.021429   0.014494           0.197908
    cluster cluster_3         6 4622.333333 0.393765   0.437664    0.043899   0.031245           0.173383
    cluster cluster_4         6 8834.833333 0.462737   0.466844    0.004107   0.022650           0.154487
    cluster cluster_5         6 5226.166667 0.419817   0.455522    0.035705   0.064733           0.129612
   tenure_q  Q1_short         6 9223.500000 0.475362   0.477453    0.002091   0.004397           0.129466
   tenure_q        Q2         6 8910.000000 0.491982   0.490150   -0.001832   0.010319           0.126376
   tenure_q        Q3         6 8895.166667 0.496697   0.509293    0.012596   0.009375           0.116711
   tenure_q   Q4_long         6 8871.500000 0.526271   0.545172    0.018901   0.012899           0.120306
[cohort] saved /home/hyeoky98/kcd/260511/phase5_external/outputs/figures/lgbm_per_cohort_tenure_q.png
[cohort] saved /home/hyeoky98/kcd/260511/phase5_external/outputs/figures/lgbm_per_cohort_cluster.png
