[5A] === sy2021_sm01_w3m_off1 ===
[5A] sy2021_sm01_w3m_off1 33,117 stores, H=13
TimesFM v1.2.0. See https://github.com/google-research/timesfm/blob/master/README.md for updated APIs.
Loaded Jax TimesFM.
Loaded PyTorch TimesFM.
Fetching 3 files:   0%|          | 0/3 [00:00<?, ?it/s]Fetching 3 files:  33%|███▎      | 1/3 [00:00<00:00,  2.53it/s]Fetching 3 files: 100%|██████████| 3/3 [00:47<00:00, 17.61s/it]Fetching 3 files: 100%|██████████| 3/3 [00:47<00:00, 15.89s/it]
[5A] sy2021_sm01_w3m_off1 timesfm_200m           F1=0.176 Δ=-0.3176 p=0.000
[5A] === sy2021_sm05_w3m_off1 ===
[5A] sy2021_sm05_w3m_off1 35,201 stores, H=13
Fetching 3 files:   0%|          | 0/3 [00:00<?, ?it/s]Fetching 3 files: 100%|██████████| 3/3 [00:00<00:00, 7602.97it/s]
[5A] sy2021_sm05_w3m_off1 timesfm_200m           F1=0.259 Δ=-0.2197 p=0.001
[5A] === sy2022_sm01_w3m_off1 ===
[5A] sy2022_sm01_w3m_off1 36,183 stores, H=13
Fetching 3 files:   0%|          | 0/3 [00:00<?, ?it/s]Fetching 3 files: 100%|██████████| 3/3 [00:00<00:00, 32598.22it/s]
[5A] sy2022_sm01_w3m_off1 timesfm_200m           F1=0.201 Δ=-0.3008 p=0.000
[5A] === sy2022_sm05_w3m_off1 ===
[5A] sy2022_sm05_w3m_off1 35,989 stores, H=13
Fetching 3 files:   0%|          | 0/3 [00:00<?, ?it/s]Fetching 3 files: 100%|██████████| 3/3 [00:00<00:00, 32430.19it/s]
[5A] sy2022_sm05_w3m_off1 timesfm_200m           F1=0.261 Δ=-0.2461 p=0.000
[5A] === sy2021_sm01_w7m_off1 ===
[5A] sy2021_sm01_w7m_off1 35,498 stores, H=30
Fetching 3 files:   0%|          | 0/3 [00:00<?, ?it/s]Fetching 3 files: 100%|██████████| 3/3 [00:00<00:00, 6499.44it/s]
[5A] sy2021_sm01_w7m_off1 timesfm_200m           F1=0.186 Δ=-0.3464 p=0.000
[5A] === sy2022_sm01_w7m_off1 ===
[5A] sy2022_sm01_w7m_off1 37,308 stores, H=30
Fetching 3 files:   0%|          | 0/3 [00:00<?, ?it/s]Fetching 3 files: 100%|██████████| 3/3 [00:00<00:00, 6650.59it/s]
[5A] sy2022_sm01_w7m_off1 timesfm_200m           F1=0.294 Δ=-0.1923 p=0.000
[5A] done. rows=12
       model  macro_f1  n_panels
  rf_tabular  0.499910         6
timesfm_200m  0.229415         6
